INFO:__main__:Config: k=[50, 100, 200], nlist=100, nprobe=10, model=paraphrase-multilingual-mpnet-base-v2
INFO:__main__:Loaded 11777 articles
INFO:__main__:Loaded 20501 train impressions
INFO:__main__:Loaded 4223 val impressions
INFO:__main__:Loaded 25356 test impressions (for evaluation)
INFO:__main__:Loading cached embeddings/index from outputs/semantic (skip re-embedding)
INFO:__main__:Creating user profiles from click history...
INFO:__main__:Created profiles for 1590 users
INFO:__main__:Retrieving and evaluating...
INFO:__main__:Ground truth: 1562 users with clicks in test split
INFO:__main__:Skipped 373 users (not in user_clicks)
INFO:__main__:Skipped 0 users (empty ground truth)
INFO:__main__:Evaluated 1217 users
INFO:__main__:Saving results...
INFO:__main__:Results saved to outputs/semantic

============================================================
SEMANTIC RETRIEVAL RESULTS (BGE-base + FAISS IVF)
============================================================
Recall@ 50: 0.0056 ( 109 users with ≥1 hit)
Recall@100: 0.0116 ( 202 users with ≥1 hit)
Recall@200: 0.0237 ( 364 users with ≥1 hit)
============================================================

